
=== last glyph after «АА», f983 === (window x 1536..1607)  field mean 0.1105 sd 0.0959
   'Г' r=0.2780   z=+1.75
   'К' r=0.2509   z=+1.46
   'Щ' r=0.2455   z=+1.41
   'ь' r=0.2417   z=+1.37
   'Б' r=0.2404   z=+1.35
   'П' r=0.2363   z=+1.31
   'Ю' r=0.2316   z=+1.26
   'н' r=0.2224   z=+1.17
   'Ш' r=0.2198   z=+1.14
   'В' r=0.2183   z=+1.12
   'Р' r=0.2174   z=+1.11
   'й' r=0.2135   z=+1.07
   'Е' r=0.2081   z=+1.02
   'Ч' r=0.2076   z=+1.01
   ... bottom: 'т' -0.042, 'ъ' -0.073, 'Т' -0.105, 'Д' -0.115, '' -0.164

=== last glyph after «АА», best5 === (window x 1536..1607)  field mean 0.1637 sd 0.1231
   'Г' r=0.4191   z=+2.07
   'П' r=0.3928   z=+1.86
   'Б' r=0.3584   z=+1.58
   'В' r=0.3422   z=+1.45
   'Р' r=0.3339   z=+1.38
   'С' r=0.3335   z=+1.38
   'Е' r=0.3047   z=+1.15
   'Щ' r=0.3033   z=+1.13
   'Ш' r=0.2965   z=+1.08
   'Н' r=0.2893   z=+1.02
   'б' r=0.2886   z=+1.01
   'й' r=0.2881   z=+1.01
   'К' r=0.2814   z=+0.96
   'О' r=0.2744   z=+0.90
   ... bottom: 'Т' -0.052, 'т' -0.072, 'ъ' -0.092, 'Д' -0.108, '' -0.142

=== last glyph after «АА», stack20 === (window x 1536..1607)  field mean 0.2107 sd 0.1332
   'Г' r=0.4594   z=+1.87
   'П' r=0.4078   z=+1.48
   'Б' r=0.3910   z=+1.35
   'б' r=0.3665   z=+1.17
   'Щ' r=0.3646   z=+1.16
   'В' r=0.3618   z=+1.13
   'Ш' r=0.3516   z=+1.06
   'Р' r=0.3514   z=+1.06
   'С' r=0.3496   z=+1.04
   'Е' r=0.3385   z=+0.96
   'й' r=0.3384   z=+0.96
   'К' r=0.3297   z=+0.89
   'ь' r=0.3222   z=+0.84
   'в' r=0.3198   z=+0.82
   ... bottom: 'т' -0.016, 'ъ' -0.085, 'Т' -0.088, 'Д' -0.108, '' -0.176

=== last glyph after «АА», NULL20 === (window x 1536..1607)  field mean 0.0153 sd 0.0700
   'г' r=0.1595   z=+2.06
   ':' r=0.1303   z=+1.64
   'с' r=0.1298   z=+1.63
   'Щ' r=0.1070   z=+1.31
   'е' r=0.1014   z=+1.23
   'я' r=0.0982   z=+1.18
   'р' r=0.0957   z=+1.15
   'п' r=0.0912   z=+1.08
   'Ш' r=0.0892   z=+1.05
   'ф' r=0.0867   z=+1.02
   'ц' r=0.0794   z=+0.92
   'о' r=0.0792   z=+0.91
   '.' r=0.0792   z=+0.91
   'э' r=0.0785   z=+0.90
   ... bottom: 'З' -0.089, '?' -0.098, 'Я' -0.100, 'Д' -0.141, 'Э' -0.157

=== last glyph after «АА», NULL1 === (window x 1536..1607)  field mean -0.0581 sd 0.0602
   '"' r=0.1442   z=+3.36
   ')' r=0.0619   z=+1.99
   'Щ' r=0.0473   z=+1.75
   'У' r=0.0464   z=+1.74
   ',' r=0.0386   z=+1.61
   '.' r=0.0347   z=+1.54
   '!' r=0.0326   z=+1.51
   'Т' r=0.0220   z=+1.33
   'Ш' r=0.0196   z=+1.29
   ':' r=0.0149   z=+1.21
   'Ж' r=0.0090   z=+1.11
   '?' r=0.0028   z=+1.01
   'Г' r=0.0015   z=+0.99
   'з' r=0.0013   z=+0.99
   ... bottom: 'ч' -0.129, 'е' -0.138, 'м' -0.153, 'Ч' -0.163, '-' -0.172
