
===== LINE 2 whole phrase, f983 (22s) ==== null mean 0.2016 sd 0.0323
string                             r       z   cap    kx     dx  cand
предупреждало об ААГ          0.5869  +11.91    49  1.41    -24  *
предупреждало об ААР          0.5827  +11.78    49  1.41    -20  *
предупреждало об ААРС         0.5751  +11.54    49  1.41     15  *
предупреждало об ААРО         0.5738  +11.51    49  1.41     18  *
предупреждало об этом         0.4889   +8.88    49  1.41     -7  *
предупреждало об утечке       0.4728   +8.38    49  1.41     36  *
прослушано об АА              0.3652   +5.06    45  1.50     35  *
предупреждало о АА            0.3184   +3.61    49  1.41    -23  *
запись передана в архив       0.2872   +2.64    47  1.50    -42  
предупреждало об АА           0.2621   +1.87    49  1.41    -45  *
сохранено в общей папке       0.2426   +1.27    47  1.50     -7  
сообщение получено АА         0.2380   +1.12    47  1.50    -35  *
сведения переданы далее       0.2303   +0.89    47  1.50    -19  
прослушано об ААРО            0.2297   +0.87    47  1.41     42  *
ъыьэюяжшщчц фхкгпрлднс        0.2275   +0.80    47  1.50     43  
отправлено вчера утром        0.2256   +0.74    47  1.50     30  
фывапролдж ячсмитьбю          0.2224   +0.64    49  1.41     34  
юяэьыъщшчцхфут срплкйиз       0.2202   +0.57    49  1.50    -13  
мылорама укроп грядка         0.2177   +0.50    45  1.50      1  
сообщение переслано вам       0.2175   +0.49    47  1.50     17  
сформировано автоматически    0.2174   +0.49    49  1.32    -17  
подтверждение отправлено      0.2021   +0.01    49  1.50    -28  
копия направлена вам          0.1957   -0.18    47  1.50    -25  
обращение зарегистрировано    0.1944   -0.22    49  1.41     32  
уведомление доставлено        0.1898   -0.36    47  1.50    -37  
зжщхфыэююяьъе цукенгш         0.1872   -0.45    49  1.50    -20  
напоминание отложено вами     0.1813   -0.63    49  1.32     -7  
материал получен нами         0.1770   -0.76    45  1.41    -29  
щшгнёъьэюцхкв фыапролдж       0.1692   -1.00    49  1.50     15  
котлета борщик пирожок        0.1683   -1.03    49  1.50      0  
доступ ограничен приказом     0.1587   -1.33    49  1.41    -20  
абвгдеёжзий клмнопрстуф       0.1546   -1.45    47  1.41     19  
документ отправлен вам        0.1492   -1.62    47  1.32    -41  

===== LINE 2 whole phrase, best5 (41s) ==== null mean 0.2369 sd 0.0344
string                             r       z   cap    kx     dx  cand
предупреждало об ААГ          0.6927  +13.24    49  1.41    -24  *
предупреждало об ААР          0.6843  +13.00    49  1.41    -19  *
предупреждало об ААРС         0.6674  +12.51    49  1.41     16  *
предупреждало об ААРО         0.6670  +12.50    49  1.41     19  *
предупреждало об этом         0.5653   +9.54    49  1.41     -6  *
предупреждало об утечке       0.5419   +8.86    49  1.41     36  *
прослушано об АА              0.4616   +6.53    45  1.50     35  *
предупреждало о АА            0.3702   +3.87    49  1.41    -23  *
предупреждало об АА           0.3332   +2.80    49  1.41    -45  *
запись передана в архив       0.3147   +2.26    47  1.50    -42  
сохранено в общей папке       0.2812   +1.29    47  1.50     -7  
прослушано об ААРО            0.2787   +1.22    47  1.41     43  *
отправлено вчера утром        0.2769   +1.16    47  1.50     30  
сообщение переслано вам       0.2755   +1.12    47  1.50     18  
сообщение получено АА         0.2750   +1.11    47  1.50    -34  *
сведения переданы далее       0.2744   +1.09    47  1.50    -19  
ъыьэюяжшщчц фхкгпрлднс        0.2700   +0.96    47  1.50     43  
фывапролдж ячсмитьбю          0.2581   +0.62    49  1.41     34  
юяэьыъщшчцхфут срплкйиз       0.2423   +0.16    49  1.50    -43  
копия направлена вам          0.2383   +0.04    47  1.50      5  
мылорама укроп грядка         0.2381   +0.04    45  1.50      1  
материал получен нами         0.2381   +0.03    45  1.41     31  
сформировано автоматически    0.2362   -0.02    49  1.32    -17  
обращение зарегистрировано    0.2353   -0.05    49  1.41      2  
подтверждение отправлено      0.2280   -0.26    49  1.50    -28  
доступ ограничен приказом     0.2175   -0.56    49  1.41    -20  
зжщхфыэююяьъе цукенгш         0.2145   -0.65    49  1.50    -20  
уведомление доставлено        0.2132   -0.69    49  1.32      9  
щшгнёъьэюцхкв фыапролдж       0.2005   -1.06    49  1.50     45  
документ отправлен вам        0.1984   -1.12    45  1.41    -40  
котлета борщик пирожок        0.1945   -1.23    49  1.50      0  
напоминание отложено вами     0.1882   -1.41    49  1.32     -6  
абвгдеёжзий клмнопрстуф       0.1780   -1.71    49  1.50     42  

===== LINE 2 whole phrase, stack20 (52s) ==== null mean 0.2538 sd 0.0373
string                             r       z   cap    kx     dx  cand
предупреждало об ААГ          0.6268  +10.00    49  1.41    -24  *
предупреждало об ААР          0.6167   +9.73    49  1.41    -19  *
предупреждало об ААРС         0.6041   +9.39    49  1.41     16  *
предупреждало об ААРО         0.6038   +9.38    49  1.41     19  *
предупреждало об этом         0.5338   +7.51    49  1.41     -6  *
предупреждало об утечке       0.4935   +6.43    49  1.41     36  *
прослушано об АА              0.4111   +4.22    45  1.50     35  *
предупреждало о АА            0.3489   +2.55    49  1.41    -23  *
запись передана в архив       0.3263   +1.94    47  1.50    -42  
ъыьэюяжшщчц фхкгпрлднс        0.3222   +1.83    47  1.50     43  
сведения переданы далее       0.2979   +1.18    47  1.50    -19  
сохранено в общей папке       0.2929   +1.05    47  1.50     -7  
сообщение переслано вам       0.2910   +1.00    47  1.50     18  
предупреждало об АА           0.2883   +0.92    49  1.41      9  *
отправлено вчера утром        0.2851   +0.84    47  1.50     30  
юяэьыъщшчцхфут срплкйиз       0.2751   +0.57    49  1.50     18  
сообщение получено АА         0.2736   +0.53    47  1.50    -34  *
фывапролдж ячсмитьбю          0.2704   +0.45    49  1.41     34  
прослушано об ААРО            0.2690   +0.41    45  1.50     43  *
копия направлена вам          0.2688   +0.40    47  1.50    -25  
обращение зарегистрировано    0.2683   +0.39    49  1.41      1  
мылорама укроп грядка         0.2588   +0.14    45  1.50      1  
материал получен нами         0.2366   -0.46    45  1.41     31  
подтверждение отправлено      0.2354   -0.49    49  1.50    -27  
сформировано автоматически    0.2338   -0.54    49  1.32    -17  
доступ ограничен приказом     0.2320   -0.58    49  1.41    -19  
щшгнёъьэюцхкв фыапролдж       0.2226   -0.83    49  1.50    -44  
зжщхфыэююяьъе цукенгш         0.2212   -0.87    49  1.50    -20  
напоминание отложено вами     0.2128   -1.10    49  1.32     -6  
уведомление доставлено        0.2121   -1.12    45  1.50     30  
котлета борщик пирожок        0.2110   -1.15    49  1.50     -1  
абвгдеёжзий клмнопрстуф       0.2048   -1.31    49  1.50     42  
документ отправлен вам        0.2041   -1.33    47  1.32    -40  

===== LINE 2 whole phrase, NULL20 (64s) ==== null mean 0.0730 sd 0.0097
string                             r       z   cap    kx     dx  cand
прослушано об АА              0.0899   +1.74    49  1.41    -42  *
абвгдеёжзий клмнопрстуф       0.0885   +1.59    47  1.41     26  
фывапролдж ячсмитьбю          0.0884   +1.58    45  1.50     26  
материал получен нами         0.0879   +1.52    47  1.41     45  
предупреждало об ААРО         0.0878   +1.51    45  1.50     12  *
доступ ограничен приказом     0.0878   +1.51    49  1.41    -29  
прослушано об ААРО            0.0865   +1.39    47  1.32     25  *
отправлено вчера утром        0.0844   +1.17    49  1.41     23  
предупреждало об ААРС         0.0834   +1.06    45  1.50    -24  *
предупреждало об этом         0.0810   +0.81    49  1.50     34  *
запись передана в архив       0.0805   +0.77    47  1.50     41  
обращение зарегистрировано    0.0784   +0.55    49  1.32    -12  
юяэьыъщшчцхфут срплкйиз       0.0768   +0.38    49  1.41    -23  
сведения переданы далее       0.0740   +0.10    49  1.41     32  
предупреждало об утечке       0.0739   +0.09    47  1.41    -37  *
предупреждало об ААР          0.0734   +0.04    45  1.50    -25  *
ъыьэюяжшщчц фхкгпрлднс        0.0730   -0.01    49  1.50     32  
уведомление доставлено        0.0726   -0.04    49  1.50     20  
мылорама укроп грядка         0.0718   -0.13    49  1.41    -18  
сообщение переслано вам       0.0715   -0.16    49  1.41     14  
предупреждало об ААГ          0.0713   -0.18    45  1.50    -29  *
предупреждало о АА            0.0704   -0.28    49  1.50     45  *
щшгнёъьэюцхкв фыапролдж       0.0688   -0.43    49  1.32    -40  
подтверждение отправлено      0.0678   -0.54    47  1.41    -19  
котлета борщик пирожок        0.0663   -0.70    49  1.50     11  
напоминание отложено вами     0.0642   -0.91    47  1.41     14  
сохранено в общей папке       0.0637   -0.96    45  1.41    -38  
зжщхфыэююяьъе цукенгш         0.0633   -1.01    49  1.50    -20  
предупреждало об АА           0.0624   -1.10    49  1.41     26  *
сообщение получено АА         0.0606   -1.28    45  1.32     32  *
копия направлена вам          0.0601   -1.33    49  1.50     15  
документ отправлен вам        0.0594   -1.40    47  1.50     27  
сформировано автоматически    0.0579   -1.55    49  1.50    -10  

===== LINE 2 whole phrase, NULL1 (77s) ==== null mean 0.0582 sd 0.0038
string                             r       z   cap    kx     dx  cand
предупреждало об ААРС         0.0726   +3.84    49  1.50    -32  *
предупреждало об ААРО         0.0717   +3.61    49  1.50    -28  *
предупреждало об АА           0.0677   +2.53    45  1.50    -32  *
предупреждало об ААГ          0.0671   +2.37    47  1.32      0  *
предупреждало об ААР          0.0656   +1.98    45  1.50     -2  *
доступ ограничен приказом     0.0649   +1.80    45  1.32     23  
щшгнёъьэюцхкв фыапролдж       0.0641   +1.57    47  1.41    -13  
прослушано об АА              0.0628   +1.24    47  1.50     45  *
запись передана в архив       0.0626   +1.18    47  1.50      9  
сообщение переслано вам       0.0626   +1.18    49  1.41     18  
зжщхфыэююяьъе цукенгш         0.0615   +0.88    49  1.50     32  
отправлено вчера утром        0.0615   +0.87    49  1.41    -25  
напоминание отложено вами     0.0608   +0.69    45  1.32    -36  
материал получен нами         0.0608   +0.69    45  1.32     28  
сведения переданы далее       0.0597   +0.41    45  1.41     45  
абвгдеёжзий клмнопрстуф       0.0587   +0.15    47  1.50    -28  
ъыьэюяжшщчц фхкгпрлднс        0.0584   +0.05    49  1.41     35  
предупреждало об этом         0.0577   -0.13    49  1.50    -18  *
копия направлена вам          0.0573   -0.24    49  1.50      7  
документ отправлен вам        0.0567   -0.38    49  1.50     33  
предупреждало об утечке       0.0567   -0.39    49  1.50    -10  *
подтверждение отправлено      0.0566   -0.43    49  1.32     30  
юяэьыъщшчцхфут срплкйиз       0.0564   -0.48    49  1.50     -8  
фывапролдж ячсмитьбю          0.0562   -0.52    49  1.41    -23  
уведомление доставлено        0.0561   -0.56    49  1.50     30  
прослушано об ААРО            0.0545   -0.98    49  1.32     36  *
сформировано автоматически    0.0541   -1.09    49  1.50    -29  
котлета борщик пирожок        0.0537   -1.18    45  1.50     39  
сохранено в общей папке       0.0528   -1.42    47  1.41     30  
обращение зарегистрировано    0.0527   -1.45    49  1.41     40  
предупреждало о АА            0.0523   -1.55    49  1.41     26  *
мылорама укроп грядка         0.0517   -1.72    49  1.50    -42  
сообщение получено АА         0.0443   -3.68    49  1.50     31  *
