line-2 ink extent f983     x 436 .. 1699  (width 1263)
line-2 ink extent best5    x 439 .. 1699  (width 1260)
line-2 ink extent stack20  x 421 .. 1144  (width 723)
pinned left edge x = 439

===== PINNED line-2 phrase test, f983 ===== null mean 0.1761 sd 0.0388
string                             r       z   cap    kx  blur   dx  cand
предупреждало об ААГ          0.5924  +10.72    46  1.47   3.8   -2  *
предупреждало об ААБ          0.5913  +10.69    48  1.41   3.8   -2  *
предупреждало об ААЕ          0.5899  +10.66    46  1.47   3.8   -1  *
предупреждало об ААР          0.5894  +10.65    46  1.47   3.8   -1  *
предупреждало об АА           0.5889  +10.63    48  1.41   3.8   -2  *
предупреждало об ААП          0.5850  +10.53    48  1.41   3.8   -2  *
предупреждало об ААРС         0.5825  +10.47    46  1.47   3.8   -1  *
предупреждало об ААРО         0.5685  +10.11    46  1.47   3.8   -1  *
предупреждало об этом         0.5038   +8.44    48  1.41   3.8   -2  *
предупреждало об утечке       0.4970   +8.27    48  1.41   3.8   -2  *
предупреждало обо всем        0.4645   +7.43    48  1.41   3.8   -2  *
отправлено вчера утром        0.2439   +1.75    48  1.47   3.8   -4  
сформировано автоматически    0.2432   +1.73    48  1.47   3.8    0  
подтверждение отправлено      0.2310   +1.41    48  1.47   3.8   -3  
фывапролдж ячсмитьбю          0.2268   +1.31    48  1.47   3.8    1  
сохранено в общей папке       0.2259   +1.28    48  1.47   3.8   -4  
сведения переданы далее       0.2156   +1.02    48  1.47   3.8   -7  
прослушано об АА              0.2023   +0.68    46  1.47   3.8    0  *
сообщение переслано вам       0.1977   +0.56    46  1.47   3.8    3  
прослушано об ААРО            0.1909   +0.38    48  1.47   3.8   -8  *
ъыьэюяжшщчц фхкгпрлднс        0.1858   +0.25    48  1.47   3.0    8  
копия направлена вам          0.1803   +0.11    48  1.47   3.8   -4  
уведомление доставлено        0.1744   -0.04    46  1.47   3.0    1  
котлета борщик пирожок        0.1639   -0.31    46  1.41   3.8    8  
документ отправлен вам        0.1637   -0.32    46  1.41   3.8    8  
зжщхфыэююяьъе цукенгш         0.1599   -0.42    48  1.41   3.0    6  
обращение зарегистрировано    0.1591   -0.44    46  1.41   3.8    3  
запись передана в архив       0.1576   -0.48    48  1.47   3.0    3  
напоминание отложено вами     0.1490   -0.70    48  1.47   3.8    0  
абвгдеёжзий клмнопрстуф       0.1460   -0.77    48  1.41   3.8    0  
щшгнёъьэюцхкв фыапролдж       0.1433   -0.85    48  1.47   3.8    4  
материал получен нами         0.1341   -1.08    48  1.47   3.8    0  
мылорама укроп грядка         0.1328   -1.11    48  1.41   3.0   -8  
юяэьыъщшчцхфут срплкйиз       0.1206   -1.43    46  1.36   3.8    2  
доступ ограничен приказом     0.1192   -1.47    48  1.47   3.0    1  

===== PINNED line-2 phrase test, best5 ===== null mean 0.2074 sd 0.0475
string                             r       z   cap    kx  blur   dx  cand
предупреждало об ААГ          0.6981  +10.33    48  1.41   3.8   -2  *
предупреждало об ААП          0.6954  +10.28    48  1.41   3.8   -2  *
предупреждало об ААБ          0.6936  +10.24    48  1.41   3.8   -2  *
предупреждало об ААР          0.6916  +10.20    48  1.41   3.8   -2  *
предупреждало об АА           0.6915  +10.19    48  1.41   3.8   -2  *
предупреждало об ААЕ          0.6910  +10.18    48  1.41   3.8   -2  *
предупреждало об ААРС         0.6764   +9.88    48  1.41   3.8   -2  *
предупреждало об ААРО         0.6685   +9.71    48  1.41   3.8   -2  *
предупреждало об этом         0.5846   +7.94    48  1.41   3.8   -1  *
предупреждало об утечке       0.5670   +7.57    48  1.41   3.8   -1  *
предупреждало обо всем        0.5340   +6.88    48  1.41   3.8   -1  *
отправлено вчера утром        0.2972   +1.89    48  1.47   3.8   -4  
сформировано автоматически    0.2809   +1.55    48  1.47   3.8    0  
сведения переданы далее       0.2759   +1.44    48  1.47   3.8   -7  
сохранено в общей папке       0.2712   +1.34    48  1.47   3.8   -4  
фывапролдж ячсмитьбю          0.2652   +1.22    48  1.47   3.8    1  
подтверждение отправлено      0.2636   +1.18    48  1.47   3.8   -2  
ъыьэюяжшщчц фхкгпрлднс        0.2447   +0.78    48  1.47   3.8    8  
прослушано об ААРО            0.2426   +0.74    48  1.36   3.8    2  *
прослушано об АА              0.2385   +0.65    48  1.36   3.8    2  *
сообщение переслано вам       0.2175   +0.21    48  1.47   3.8   -7  
документ отправлен вам        0.2084   +0.02    46  1.36   3.8    1  
копия направлена вам          0.2076   +0.00    48  1.47   3.8   -4  
обращение зарегистрировано    0.1908   -0.35    48  1.36   3.8   -1  
уведомление доставлено        0.1872   -0.43    46  1.47   3.8    1  
мылорама укроп грядка         0.1819   -0.54    48  1.41   3.8   -8  
напоминание отложено вами     0.1767   -0.65    48  1.47   3.8    0  
запись передана в архив       0.1741   -0.70    48  1.47   3.0    3  
доступ ограничен приказом     0.1728   -0.73    48  1.47   3.8   -2  
абвгдеёжзий клмнопрстуф       0.1662   -0.87    48  1.41   3.8    0  
материал получен нами         0.1614   -0.97    48  1.47   3.8    1  
котлета борщик пирожок        0.1590   -1.02    46  1.41   3.8    8  
зжщхфыэююяьъе цукенгш         0.1582   -1.04    48  1.41   3.0    6  
юяэьыъщшчцхфут срплкйиз       0.1518   -1.17    46  1.36   3.8    2  
щшгнёъьэюцхкв фыапролдж       0.1512   -1.18    48  1.47   3.8    5  

===== PINNED line-2 phrase test, stack20 ===== null mean 0.2169 sd 0.0459
string                             r       z   cap    kx  blur   dx  cand
предупреждало об ААГ          0.6086   +8.54    46  1.47   3.8   -1  *
предупреждало об ААП          0.6030   +8.42    46  1.47   3.8   -1  *
предупреждало об ААР          0.6020   +8.39    46  1.47   3.8   -1  *
предупреждало об ААЕ          0.6018   +8.39    46  1.47   3.8   -1  *
предупреждало об ААБ          0.6008   +8.37    46  1.47   3.8   -1  *
предупреждало об АА           0.5973   +8.29    48  1.41   3.8   -2  *
предупреждало об ААРС         0.5923   +8.18    46  1.47   3.8   -1  *
предупреждало об ААРО         0.5810   +7.94    46  1.47   3.8   -1  *
предупреждало об этом         0.5314   +6.85    48  1.41   3.8   -1  *
предупреждало об утечке       0.4976   +6.12    48  1.41   3.8   -1  *
предупреждало обо всем        0.4669   +5.45    48  1.41   3.8   -1  *
сформировано автоматически    0.3015   +1.84    48  1.47   3.8    0  
отправлено вчера утром        0.2911   +1.62    48  1.47   3.8   -4  
сохранено в общей папке       0.2806   +1.39    48  1.47   3.8   -4  
сведения переданы далее       0.2767   +1.30    48  1.47   3.8   -8  
фывапролдж ячсмитьбю          0.2649   +1.05    48  1.47   3.8    1  
ъыьэюяжшщчц фхкгпрлднс        0.2625   +0.99    48  1.47   3.8    8  
подтверждение отправлено      0.2559   +0.85    48  1.47   3.8   -3  
копия направлена вам          0.2336   +0.36    48  1.47   3.8   -5  
прослушано об ААРО            0.2208   +0.08    48  1.36   3.8    2  *
прослушано об АА              0.2190   +0.05    46  1.47   3.8   -1  *
уведомление доставлено        0.2134   -0.08    46  1.47   3.8    1  
обращение зарегистрировано    0.2111   -0.13    48  1.36   3.8   -1  
сообщение переслано вам       0.2106   -0.14    48  1.47   3.8   -7  
документ отправлен вам        0.2067   -0.22    46  1.36   3.8    1  
мылорама укроп грядка         0.2054   -0.25    48  1.41   3.8   -8  
запись передана в архив       0.1960   -0.46    48  1.47   3.8    3  
напоминание отложено вами     0.1914   -0.56    48  1.47   3.8    0  
доступ ограничен приказом     0.1911   -0.56    48  1.47   3.8   -2  
зжщхфыэююяьъе цукенгш         0.1715   -0.99    48  1.41   3.8    6  
котлета борщик пирожок        0.1713   -0.99    46  1.36   3.8    8  
абвгдеёжзий клмнопрстуф       0.1702   -1.02    46  1.47   3.8    1  
щшгнёъьэюцхкв фыапролдж       0.1672   -1.08    48  1.47   3.8    6  
юяэьыъщшчцхфут срплкйиз       0.1504   -1.45    48  1.47   3.8   -6  
материал получен нами         0.1496   -1.47    48  1.47   3.8    1  

===== PINNED line-2 phrase test, NULL20 ===== null mean 0.0657 sd 0.0115
string                             r       z   cap    kx  blur   dx  cand
прослушано об ААРО            0.0925   +2.32    48  1.36   3.8    4  *
прослушано об АА              0.0892   +2.04    46  1.41   3.8    2  *
обращение зарегистрировано    0.0840   +1.59    48  1.36   3.8    8  
отправлено вчера утром        0.0796   +1.21    46  1.36   3.8   -4  
сохранено в общей папке       0.0789   +1.14    48  1.47   3.8    3  
подтверждение отправлено      0.0785   +1.12    46  1.47   3.8    1  
уведомление доставлено        0.0780   +1.07    48  1.41   3.0    5  
копия направлена вам          0.0749   +0.80    48  1.41   3.8   -5  
сведения переданы далее       0.0703   +0.41    48  1.41   3.8    8  
зжщхфыэююяьъе цукенгш         0.0701   +0.39    48  1.41   3.8   -5  
предупреждало об ААРО         0.0699   +0.37    48  1.47   3.8    2  *
юяэьыъщшчцхфут срплкйиз       0.0695   +0.34    48  1.47   3.8    8  
сформировано автоматически    0.0683   +0.23    46  1.47   3.8   -5  
напоминание отложено вами     0.0682   +0.22    48  1.36   3.8    5  
предупреждало об ААР          0.0677   +0.17    48  1.47   2.2    1  *
предупреждало об ААРС         0.0674   +0.15    48  1.47   3.8    1  *
сообщение переслано вам       0.0655   -0.01    48  1.47   3.8   -1  
ъыьэюяжшщчц фхкгпрлднс        0.0655   -0.02    48  1.47   2.2    8  
щшгнёъьэюцхкв фыапролдж       0.0642   -0.12    48  1.47   3.8   -5  
предупреждало об ААБ          0.0625   -0.28    48  1.36   3.8    2  *
фывапролдж ячсмитьбю          0.0614   -0.37    48  1.47   3.8   -1  
мылорама укроп грядка         0.0612   -0.39    46  1.36   3.8   -1  
материал получен нами         0.0612   -0.39    48  1.47   3.8    7  
предупреждало об ААЕ          0.0611   -0.40    48  1.47   3.8    1  *
предупреждало об ААГ          0.0608   -0.42    48  1.36   3.8    2  *
предупреждало об ААП          0.0606   -0.43    48  1.36   3.8    1  *
предупреждало об АА           0.0569   -0.76    48  1.47   2.2    2  *
предупреждало обо всем        0.0568   -0.77    48  1.36   3.0    3  *
предупреждало об утечке       0.0565   -0.79    48  1.41   2.2    8  *
доступ ограничен приказом     0.0562   -0.82    46  1.47   3.8    4  
котлета борщик пирожок        0.0546   -0.96    46  1.47   3.8    8  
предупреждало об этом         0.0534   -1.07    48  1.36   3.0   -8  *
абвгдеёжзий клмнопрстуф       0.0522   -1.17    46  1.36   3.8    8  
запись передана в архив       0.0476   -1.56    46  1.36   2.2    0  
документ отправлен вам        0.0344   -2.70    46  1.36   2.2   -8  

===== PINNED line-2 phrase test, NULL1 ===== null mean 0.0368 sd 0.0099
string                             r       z   cap    kx  blur   dx  cand
предупреждало об ААБ          0.0567   +2.01    48  1.47   3.8    3  *
обращение зарегистрировано    0.0558   +1.92    48  1.47   3.8    8  
сохранено в общей папке       0.0547   +1.81    48  1.47   3.8    3  
зжщхфыэююяьъе цукенгш         0.0519   +1.53    48  1.41   2.2   -6  
предупреждало об ААП          0.0515   +1.48    48  1.47   3.0    4  *
предупреждало об ААЕ          0.0514   +1.48    48  1.47   3.8    3  *
предупреждало об утечке       0.0492   +1.25    48  1.47   3.8    6  *
предупреждало об ААРО         0.0453   +0.86    48  1.47   2.2    3  *
предупреждало об ААГ          0.0447   +0.80    48  1.47   3.0    3  *
доступ ограничен приказом     0.0443   +0.77    48  1.41   3.8    8  
предупреждало об ААРС         0.0442   +0.75    48  1.47   3.8    4  *
подтверждение отправлено      0.0442   +0.75    48  1.41   3.8    4  
предупреждало об ААР          0.0440   +0.73    48  1.47   3.0    3  *
ъыьэюяжшщчц фхкгпрлднс        0.0433   +0.66    48  1.36   3.0    1  
запись передана в архив       0.0419   +0.52    48  1.47   3.8   -4  
напоминание отложено вами     0.0419   +0.52    46  1.47   2.2   -1  
предупреждало об этом         0.0415   +0.48    48  1.47   3.8    7  *
сформировано автоматически    0.0407   +0.39    48  1.41   2.2    8  
предупреждало обо всем        0.0395   +0.28    48  1.41   3.8    8  *
предупреждало об АА           0.0377   +0.09    48  1.47   2.2    3  *
сообщение переслано вам       0.0376   +0.08    46  1.47   3.8    8  
сведения переданы далее       0.0364   -0.04    48  1.41   3.0    8  
щшгнёъьэюцхкв фыапролдж       0.0350   -0.18    48  1.47   2.2    6  
отправлено вчера утром        0.0330   -0.38    48  1.47   3.0    6  
юяэьыъщшчцхфут срплкйиз       0.0322   -0.46    48  1.36   2.2    8  
фывапролдж ячсмитьбю          0.0322   -0.46    48  1.47   3.8   -3  
документ отправлен вам        0.0314   -0.54    48  1.47   3.8   -2  
уведомление доставлено        0.0314   -0.54    48  1.41   2.2    2  
абвгдеёжзий клмнопрстуф       0.0308   -0.60    46  1.47   3.8    8  
котлета борщик пирожок        0.0283   -0.85    46  1.47   2.2   -8  
мылорама укроп грядка         0.0239   -1.30    48  1.41   2.2    0  
прослушано об АА              0.0229   -1.40    48  1.36   2.2    1  *
копия направлена вам          0.0200   -1.69    48  1.47   2.2   -8  
прослушано об ААРО            0.0187   -1.82    48  1.36   3.8    0  *
материал получен нами         0.0180   -1.90    48  1.47   2.2   -6  
