
=== STAGE B f983 (429s) === n=49 field median 0.6388 sd 0.1160
face                                           r    cap    kx  blur     dx    dy
Nimbus Sans Bold                          0.7781   50.5  1.45   3.5     29     1
Arimo Bold                                0.7634   52.0  1.30   2.6     30     4
Roboto Medium                             0.7632   55.0  1.36   3.5     29     4
Go Bold                                   0.7599   55.0  1.33   3.5     30     1
Liberation Sans Bold                      0.7440   50.5  1.36   3.5     30     5
Roboto Bold                               0.7163   52.0  1.42   3.5     28     3
Roboto Condensed Medium                   0.7117   55.0  1.54   3.5     30     4
Lato Black                                0.7110   56.5  1.33   3.5     29     3
Carlito Bold                              0.7091   50.5  1.48   3.5     34     2
Roboto Regular                            0.7005   53.5  1.42   3.5     30     4
Go Medium Regular                         0.6971   50.5  1.48   3.5     31     2
Lato Bold                                 0.6922   56.5  1.36   3.5     29     2
Lato Heavy                                0.6895   55.0  1.36   3.5     30     3
Roboto Medium Italic                      0.6867   52.0  1.48   3.5     30     4
Lato Medium                               0.6805   56.5  1.36   3.5     30     3
FreeSans Bold                             0.6760   55.0  1.27   3.5     31     3
Lato Regular                              0.6647   52.0  1.48   3.5     30     3
Go Bold Italic                            0.6633   55.0  1.33   3.5     26     1
Charis SIL Bold                           0.6583   50.5  1.39   3.5     31     5
Roboto Bold Italic                        0.6530   56.5  1.33   3.5     28     3
Gentium Plus Regular                      0.6470   50.5  1.48   3.5     35     3
Roboto Italic                             0.6432   53.5  1.48   3.5     30     3
Cantarell Bold                            0.6431   55.0  1.33   3.5     33     3
Roboto Light                              0.6397   50.5  1.54   3.5     30     4
Noto Sans Bold                            0.6388   52.0  1.33   3.5     37     4
Cantarell Extra Bold                      0.6387   56.5  1.27   3.5     31     3
DejaVu Sans Book                          0.6355   55.0  1.24   3.5     34     4
Open Sans Condensed Bold                  0.6347   55.0  1.54   3.5     36     5
Open Sans Bold                            0.6333   53.5  1.27   3.5     37     5
Roboto Condensed Bold Italic              0.6035   55.0  1.54   3.5     29     3
Arimo Bold Italic                         0.6032   53.5  1.27   3.5     31     4
DejaVu Serif Condensed Bold               0.5852   56.5  1.24   3.5     31     3
Roboto Black Italic                       0.5797   50.5  1.48   3.5     29     3
Open Sans Semibold                        0.5733   53.5  1.33   3.5     39     5
Carlito Bold Italic                       0.5668   55.0  1.33   3.5     32     2
FreeSans Bold Oblique                     0.5659   55.0  1.27   3.5     23     3
Nimbus Sans Regular                       0.5566   52.0  1.48   3.5     31     2
Go Regular                                0.5465   52.0  1.48   3.5     31     1
Arimo Regular                             0.5249   52.0  1.39   3.5     32     4
DejaVu Serif Book                         0.5209   55.0  1.27   3.5     31     4
Liberation Serif Bold                     0.5054   55.0  1.36   3.5     24     4
Liberation Sans Regular                   0.4976   53.5  1.36   3.5     32     4
Noto Sans Display Regular                 0.4946   53.5  1.45   3.5     40     4
Noto Sans Regular                         0.4946   52.0  1.39   3.5     40     5
URW Gothic Demi                           0.4518   53.5  1.30   3.5     34     5
Open Sans Regular                         0.4472   55.0  1.33   3.5     40     5
Comfortaa Bold                            0.4204   53.5  1.36   3.5     34     2
DejaVu Sans Bold                          0.2848   50.5  1.24   3.5     33     4
Nimbus Mono PS Bold                       0.2000   50.5  1.24   3.5     11     4
Traceback (most recent call last):
  File "/home/user/new-skinny-bob/analysis/agent_cyr4/stageB.py", line 46, in <module>
    print('\n=== FRAME BOOTSTRAP (200 resamples of the 20 caption frames, geometry fixed per face) ===')
        ^^^^^^^^^^^^^^^^^^^^^^^^^^^^^^^^^^^^^^^^^^^^^^^^^^^^^^^^^^^^^^^^^^
  File "/usr/lib/python3.12/json/__init__.py", line 179, in dump
    for chunk in iterable:
                 ^^^^^^^^
  File "/usr/lib/python3.12/json/encoder.py", line 432, in _iterencode
    yield from _iterencode_dict(o, _current_indent_level)
  File "/usr/lib/python3.12/json/encoder.py", line 406, in _iterencode_dict
    yield from chunks
  File "/usr/lib/python3.12/json/encoder.py", line 326, in _iterencode_list
    yield from chunks
  File "/usr/lib/python3.12/json/encoder.py", line 406, in _iterencode_dict
    yield from chunks
  File "/usr/lib/python3.12/json/encoder.py", line 439, in _iterencode
    o = _default(o)
        ^^^^^^^^^^^
  File "/usr/lib/python3.12/json/encoder.py", line 180, in default
    raise TypeError(f'Object of type {o.__class__.__name__} '
TypeError: Object of type int64 is not JSON serializable
