
=== best5 (46s) ===
face                                 r    cap    kx  blur
Arimo Bold                      0.8138   54.0  1.28   3.6
Roboto Medium                   0.7950   54.0  1.36   3.6
Go Bold                         0.7790   52.0  1.40   3.6
Carlito Bold                    0.7510   52.0  1.44   3.6
Liberation Sans Bold            0.7392   52.0  1.32   3.6
Lato Bold                       0.7347   54.0  1.40   3.6
DejaVu Sans Bold                0.7069   52.0  1.16   3.6
Nimbus Sans Bold                0.6973   52.0  1.40   3.6
Cantarell Bold                  0.6760   52.0  1.40   3.6
DejaVu Sans Book                0.6427   52.0  1.32   4.6
Roboto Bold                     0.6101   52.0  1.40   3.6
Open Sans Semibold              0.5585   54.0  1.32   3.6
Liberation Serif Bold           0.5209   52.0  1.44   4.6
Noto Sans Regular               0.4748   54.0  1.36   5.8
Nimbus Mono PS Bold             0.2488   52.0  1.16   3.6

=== stack20 (87s) ===
face                                 r    cap    kx  blur
Arimo Bold                      0.7666   54.0  1.28   4.6
Roboto Medium                   0.7384   54.0  1.36   4.6
Go Bold                         0.7372   52.0  1.40   4.6
Carlito Bold                    0.6853   52.0  1.44   5.8
Liberation Sans Bold            0.6841   52.0  1.32   4.6
Lato Bold                       0.6675   54.0  1.40   5.8
DejaVu Sans Bold                0.6527   52.0  1.16   4.6
Nimbus Sans Bold                0.6322   54.0  1.32   5.8
Cantarell Bold                  0.6188   52.0  1.40   5.8
DejaVu Sans Book                0.5885   52.0  1.32   5.8
Roboto Bold                     0.5553   52.0  1.40   5.8
Liberation Serif Bold           0.5121   52.0  1.44   5.8
Open Sans Semibold              0.4890   54.0  1.32   5.8
Noto Sans Regular               0.4223   54.0  1.36   5.8
Nimbus Mono PS Bold             0.2149   52.0  1.16   5.8

=== NULL20_1010 (129s) ===
face                                 r    cap    kx  blur
Go Bold                         0.0900   52.0  1.20   5.8
Open Sans Semibold              0.0890   54.0  1.12   5.8
Nimbus Sans Bold                0.0888   54.0  1.12   5.8
Nimbus Mono PS Bold             0.0883   52.0  1.40   5.8
Cantarell Bold                  0.0873   52.0  1.20   5.8
DejaVu Sans Book                0.0849   52.0  1.32   5.8
Lato Bold                       0.0846   54.0  1.20   5.8
Roboto Bold                     0.0838   52.0  1.20   5.8
Liberation Sans Bold            0.0836   52.0  1.12   5.8
Roboto Medium                   0.0831   54.0  1.16   5.8
DejaVu Sans Bold                0.0830   54.0  1.12   5.8
Carlito Bold                    0.0806   52.0  1.24   5.8
Noto Sans Regular               0.0799   54.0  1.16   5.8
Liberation Serif Bold           0.0768   52.0  1.36   5.8
Arimo Bold                      0.0674   52.0  1.12   5.8

=== NULL1_f1020 (170s) ===
face                                 r    cap    kx  blur
Nimbus Mono PS Bold             0.0907   52.0  1.16   5.8
Liberation Sans Bold            0.0906   54.0  1.28   5.8
Cantarell Bold                  0.0877   52.0  1.40   5.8
DejaVu Sans Bold                0.0877   52.0  1.24   5.8
Liberation Serif Bold           0.0851   54.0  1.16   5.8
Nimbus Sans Bold                0.0849   54.0  1.36   5.8
Roboto Bold                     0.0845   54.0  1.48   5.8
Lato Bold                       0.0840   54.0  1.12   5.8
Carlito Bold                    0.0831   52.0  1.16   5.8
Arimo Bold                      0.0827   52.0  1.32   5.8
DejaVu Sans Book                0.0823   52.0  1.44   5.8
Open Sans Semibold              0.0823   52.0  1.48   5.8
Noto Sans Regular               0.0800   54.0  1.36   5.8
Go Bold                         0.0796   54.0  1.36   5.8
Roboto Medium                   0.0771   52.0  1.44   5.8
Traceback (most recent call last):
  File "/home/user/new-skinny-bob/analysis/agent_cyr4/stageB2.py", line 42, in <module>
    B=json.load(open('sweepB.json'))['f983']
      ^^^^^^^^^^^^^^^^^^^^^^^^^^^^^^
  File "/usr/lib/python3.12/json/__init__.py", line 293, in load
    return loads(fp.read(),
           ^^^^^^^^^^^^^^^^
  File "/usr/lib/python3.12/json/__init__.py", line 346, in loads
    return _default_decoder.decode(s)
           ^^^^^^^^^^^^^^^^^^^^^^^^^^
  File "/usr/lib/python3.12/json/decoder.py", line 338, in decode
    obj, end = self.raw_decode(s, idx=_w(s, 0).end())
               ^^^^^^^^^^^^^^^^^^^^^^^^^^^^^^^^^^^^^^
  File "/usr/lib/python3.12/json/decoder.py", line 356, in raw_decode
    raise JSONDecodeError("Expecting value", s, err.value) from None
json.decoder.JSONDecodeError: Expecting value: line 11 column 10 (char 214)
