candidates: 362  (of which variable instances: 125)
measurable: 361

===== f983  (243s) =====
face                             r_free   cap    kx |   r_stem   kx* | stem/cap    dkx
Arimo Bold                       0.7562  51.5  1.33 |   0.2167  1.11 |   0.2075   0.26
Liberation Sans Bold             0.7533  51.5  1.33 |   0.2018  1.11 |   0.2083   0.27
Nimbus Sans Bold                 0.7361  54.5  1.33 |   0.1682  1.12 |   0.2055   0.25
Inter w725 opsz14                0.7282  54.5  1.30 |   0.1477  1.08 |   0.2133   0.26
Inter w700 opsz14                0.7275  54.5  1.30 |   0.1350  1.04 |   0.2049   0.22
Inter w775 opsz14                0.7221  56.0  1.27 |   0.1450  1.00 |   0.2298   0.31
Inter w750 opsz14                0.7220  53.0  1.33 |   0.1417  1.04 |   0.2214   0.33
Go Bold                          0.7197  54.5  1.33 |   0.1504  1.11 |   0.2073   0.26
Roboto Medium                    0.7183  54.5  1.36 |   0.7046  1.34 |   0.1719   0.07
Rubik w625                       0.7142  53.0  1.30 |   0.1197  0.94 |   0.2357   0.36
Liberation Sans Narrow Bold      0.7117  56.0  1.48 |   0.1726  1.34 |   0.1717   0.19
Inter w675 opsz32                0.7083  56.0  1.36 |   0.1402  1.12 |   0.1986   0.24
Inter w800 opsz14                0.7067  56.0  1.27 |   0.1122  0.89 |   0.2380   0.34
Rubik w650                       0.7059  53.0  1.30 |   0.1182  0.95 |   0.2429   0.39
Rubik w675                       0.7056  51.5  1.33 |   0.1100  0.89 |   0.2500   0.44
Rubik w600                       0.7041  56.0  1.24 |   0.1494  0.97 |   0.2286   0.27
Inter w775 opsz32                0.7011  56.0  1.33 |   0.1106  0.95 |   0.2329   0.38
Inter w700 opsz32                0.6996  54.5  1.39 |   0.1329  1.08 |   0.2055   0.31
Inter w650 opsz32                0.6984  56.0  1.33 |   0.1703  1.20 |   0.1924   0.18
Inter w725 opsz32                0.6895  53.0  1.42 |   0.1332  1.03 |   0.2158   0.39
Rubik w575                       0.6893  50.0  1.39 |   0.1505  1.00 |   0.2214   0.39
Rubik w525                       0.6884  51.5  1.36 |   0.1764  1.12 |   0.2064   0.29
Rubik w750                       0.6872  54.5  1.24 |   0.0968  0.82 |   0.2821   0.45
Rubik w550                       0.6870  51.5  1.36 |   0.1359  1.04 |   0.2135   0.32
Montserrat w750                  0.6851  56.0  1.12 |   0.1637  0.91 |   0.2540   0.25
Rubik w700                       0.6837  50.0  1.36 |   0.1027  0.90 |   0.2571   0.50
Inter w600 opsz14                0.6833  56.0  1.30 |   0.6833  1.30 |   0.1774   0.05
Inter w600 opsz32                0.6814  54.5  1.42 |   0.2800  1.30 |   0.1781   0.18

===== best5  (469s) =====
face                             r_free   cap    kx |   r_stem   kx* | stem/cap    dkx
Arimo Bold                       0.7875  51.5  1.33 |   0.2212  1.11 |   0.2075   0.26
Liberation Sans Bold             0.7846  51.5  1.33 |   0.2022  1.11 |   0.2083   0.27
Nimbus Sans Bold                 0.7645  50.0  1.45 |   0.1788  1.12 |   0.2055   0.37
Inter w725 opsz14                0.7526  54.5  1.30 |   0.1553  1.08 |   0.2133   0.26
Inter w700 opsz14                0.7513  54.5  1.30 |   0.1437  1.04 |   0.2049   0.22
Go Bold                          0.7473  54.5  1.33 |   0.1590  1.11 |   0.2073   0.26
Inter w775 opsz14                0.7470  56.0  1.27 |   0.1392  1.00 |   0.2298   0.31
Inter w750 opsz14                0.7462  53.0  1.33 |   0.1475  1.04 |   0.2214   0.33
Roboto Medium                    0.7397  54.5  1.36 |   0.7274  1.34 |   0.1719   0.07
Rubik w625                       0.7378  53.0  1.30 |   0.1214  0.94 |   0.2357   0.36
Liberation Sans Narrow Bold      0.7359  56.0  1.48 |   0.1689  1.34 |   0.1717   0.19
Inter w800 opsz14                0.7297  56.0  1.27 |   0.1239  0.97 |   0.2380   0.34
Rubik w675                       0.7277  51.5  1.33 |   0.1187  0.92 |   0.2500   0.44
Rubik w650                       0.7262  53.0  1.30 |   0.1224  0.95 |   0.2429   0.39
Inter w675 opsz32                0.7261  56.0  1.36 |   0.1370  1.12 |   0.1986   0.24
Rubik w600                       0.7230  56.0  1.24 |   0.1476  0.97 |   0.2286   0.27
Inter w700 opsz32                0.7228  54.5  1.39 |   0.1344  1.08 |   0.2055   0.31
Inter w775 opsz32                0.7208  56.0  1.33 |   0.1176  0.95 |   0.2329   0.38
Inter w650 opsz32                0.7174  56.0  1.33 |   0.1702  1.20 |   0.1924   0.18
Inter w825 opsz14                0.7137  50.0  1.39 |   0.1298  0.93 |   0.2476   0.49
Inter w725 opsz32                0.7129  53.0  1.42 |   0.1279  1.03 |   0.2158   0.39
Rubik w750                       0.7103  54.5  1.24 |   0.1030  0.82 |   0.2821   0.45
Rubik w575                       0.7101  50.0  1.39 |   0.1476  1.00 |   0.2214   0.39
Rubik w700                       0.7083  50.0  1.36 |   0.1191  0.90 |   0.2571   0.50
Montserrat w750                  0.7061  56.0  1.12 |   0.1714  0.91 |   0.2540   0.25
Rubik w550                       0.7060  50.0  1.39 |   0.1451  1.04 |   0.2135   0.35
Rubik w525                       0.7056  51.5  1.36 |   0.1849  1.12 |   0.2064   0.29
Inter w850 opsz14                0.7050  54.5  1.27 |   0.1273  0.91 |   0.2543   0.40

===== NULL20  (692s) =====
face                             r_free   cap    kx |   r_stem   kx* | stem/cap    dkx
Liberation Sans Bold Italic      0.0887  54.5  1.60 |   0.0607  1.06 |   0.2087   0.54
Arimo Bold Italic                0.0882  56.0  1.54 |   0.0589  1.11 |   0.2078   0.47
URW Gothic Demi Oblique          0.0873  56.0  1.60 |   0.0596  1.20 |   0.1852   0.40
Montserrat w575                  0.0871  53.0  1.54 |   0.0614  1.28 |   0.1732   0.26
Montserrat w475                  0.0870  54.5  1.54 |   0.0830  1.62 |   0.1312   0.15
Montserrat w500                  0.0858  54.5  1.54 |   0.0883  1.64 |   0.1403   0.04
Montserrat w650                  0.0851  50.0  1.60 |   0.0673  1.03 |   0.2066   0.53
URW Gothic Demi                  0.0849  56.0  1.60 |   0.0613  1.20 |   0.1845   0.40
Montserrat w550                  0.0848  53.0  1.54 |   0.0621  1.42 |   0.1622   0.17
Montserrat w450                  0.0846  54.5  1.54 |   0.0713  1.81 |   0.1227   0.27
Montserrat w600                  0.0845  54.5  1.51 |   0.0630  1.21 |   0.1839   0.30
Montserrat w625                  0.0840  50.0  1.60 |   0.0681  1.09 |   0.1953   0.46
Montserrat w525                  0.0822  53.0  1.54 |   0.0856  1.53 |   0.1512   0.07
Montserrat w425                  0.0818  54.5  1.54 |   0.0757  1.96 |   0.1132   0.42
FreeMono Bold                    0.0810  50.0  1.24 |   0.0796  1.24 |   0.1721   0.05
Montserrat w700                  0.0809  54.5  1.48 |   0.0673  0.97 |   0.2287   0.51
Montserrat w675                  0.0806  51.5  1.57 |   0.0691  1.02 |   0.2177   0.55
DejaVu Sans Bold Oblique         0.0797  54.5  1.51 |   0.0506  0.86 |   0.2577   0.65
Noto Serif Bold Italic           0.0797  56.0  1.60 |   0.0524  0.98 |   0.2258   0.62
Liberation Mono Italic           0.0797  53.0  1.60 |   0.0791  1.56 |   0.1418   0.04
Liberation Sans Bold             0.0795  56.0  1.57 |   0.0581  1.11 |   0.2083   0.51
Montserrat w375                  0.0794  53.0  1.57 |      nan   nan |   0.0963   0.73
Montserrat w775                  0.0794  51.5  1.54 |   0.0556  0.83 |   0.2668   0.71
Montserrat w400                  0.0791  53.0  1.57 |   0.0739  2.05 |   0.1040   0.56
Montserrat w825                  0.0790  56.0  1.48 |   0.0551  0.73 |   0.2914   0.72
Montserrat w900                  0.0787  56.0  1.09 |   0.0593  0.64 |   0.3314   0.42
Golos Text w725                  0.0787  54.5  1.27 |   0.0507  0.78 |   0.2714   0.45
DejaVu Sans Bold                 0.0785  53.0  1.60 |   0.0666  0.90 |   0.2574   0.74

===== NULL1  (925s) =====
face                             r_free   cap    kx |   r_stem   kx* | stem/cap    dkx
Montserrat w775                  0.0865  56.0  1.60 |   0.0615  0.80 |   0.2668   0.77
Montserrat w800                  0.0852  56.0  1.60 |   0.0586  0.80 |   0.2786   0.80
Golos Text w525                  0.0828  56.0  1.27 |   0.0822  1.27 |   0.1815   0.05
Golos Text w500                  0.0819  56.0  1.27 |   0.0763  1.30 |   0.1708   0.03
Noto Serif Bold                  0.0816  56.0  1.21 |   0.0641  1.04 |   0.2222   0.21
Montserrat w750                  0.0813  56.0  1.60 |   0.0594  0.84 |   0.2540   0.73
Golos Text w550                  0.0813  56.0  1.27 |   0.0754  1.15 |   0.1922   0.12
Rubik w850                       0.0808  54.5  1.33 |   0.0638  0.67 |   0.3323   0.66
Nimbus Sans Narrow Bold          0.0804  56.0  1.57 |   0.0630  1.24 |   0.1714   0.28
Nimbus Mono PS Regular           0.0802  54.5  1.45 |      nan   nan |   0.0931   0.93
Golos Text w900                  0.0801  50.0  1.48 |   0.0537  0.56 |   0.3787   0.89
Rubik w325                       0.0801  50.0  1.36 |   0.0587  2.14 |   0.1036   0.78
Golos Text w475                  0.0800  56.0  1.27 |   0.0795  1.33 |   0.1601   0.11
Rubik w425                       0.0793  56.0  1.30 |   0.0736  1.45 |   0.1530   0.15
Golos Text w600                  0.0793  56.0  1.15 |   0.0583  1.00 |   0.2135   0.11
FreeSerif Regular                0.0792  54.5  1.45 |   0.0769  1.49 |   0.1548   0.02
Golos Text w850                  0.0791  54.5  1.39 |   0.0593  0.66 |   0.3501   0.76
Rubik w525                       0.0790  56.0  1.27 |   0.0556  1.03 |   0.2064   0.20
Montserrat w850                  0.0790  56.0  1.57 |   0.0677  0.73 |   0.3055   0.84
Gentium Plus Regular             0.0789  56.0  1.30 |   0.0602  1.82 |   0.1266   0.45
Montserrat w875                  0.0786  56.0  1.57 |   0.0671  0.73 |   0.3182   0.87
Gentium Book Plus Regular        0.0786  56.0  1.27 |   0.0694  1.41 |   0.1504   0.20
Golos Text w425                  0.0785  51.5  1.39 |   0.0624  1.61 |   0.1429   0.16
Rubik w800                       0.0785  51.5  1.42 |   0.0589  0.75 |   0.3072   0.70
Gentium Plus Compact Regular     0.0784  56.0  1.30 |   0.0569  1.74 |   0.1271   0.44
Golos Text w575                  0.0784  54.5  1.30 |   0.0577  1.09 |   0.2028   0.21
Rubik w450                       0.0784  53.0  1.36 |   0.0817  1.29 |   0.1714   0.07
Rubik w375                       0.0779  54.5  1.24 |   0.0709  1.65 |   0.1286   0.48

total 925s
