1043 1.0 710 956
1281 0.837 1326 642
1282 0.824 1326 642
2342 0.821 948 1002
1589 0.819 274 902
2018 0.817 272 902
1283 0.814 1326 640
1588 0.814 272 902
1406 0.812 274 902
1407 0.812 274 902
1408 0.81 274 902
2016 0.81 272 902
2017 0.809 270 902
1716 0.809 806 686
1387 0.807 274 902
2015 0.806 272 902
2842 0.806 1254 788
1586 0.805 274 902
2841 0.805 1254 788
1420 0.805 272 902
2014 0.805 272 902
2678 0.804 676 810
1585 0.802 274 902
2341 0.802 948 1004
2100 0.801 572 912
1386 0.801 410 612
1590 0.8 274 902
1362 0.8 1088 876
2304 0.8 1364 860
2778 0.799 1474 572
