52 294.577 1672 600
363 270.229 1784 458
87 269.729 422 46
95 261.088 1294 628
361 259.674 1784 590
559 254.668 636 1018
93 252.595 1642 934
26 251.33 1680 592
91 251.219 712 44
16 251.07 1086 628
51 247.971 1674 592
29 246.121 1680 718
820 243.711 250 136
819 243.711 250 136
813 243.711 250 136
815 243.711 250 136
798 243.711 250 136
796 243.711 250 136
667 243.711 250 136
671 243.711 250 136
642 243.711 250 136
792 243.711 250 136
802 243.711 250 136
665 243.711 250 136
670 243.711 250 136
669 243.711 250 136
817 243.711 250 136
807 243.711 250 136
794 243.711 250 136
811 243.711 250 136
809 243.711 250 136
821 243.711 250 136
654 243.711 250 136
652 243.711 250 136
648 243.711 250 136
646 243.711 250 136
663 243.711 250 136
804 243.711 250 136
805 243.711 250 136
659 243.711 250 136
