... 1 / 236 Go Bold Italic elapsed 3.1
... 2 / 236 Go Bold elapsed 5.5
... 3 / 236 Go Italic elapsed 7.3
... 4 / 236 Go Medium Italic elapsed 9.9
... 5 / 236 Go Medium Regular elapsed 13.1
... 6 / 236 Go Mono Bold Italic elapsed 16.5
... 7 / 236 Go Mono Bold elapsed 19.6
... 8 / 236 Go Mono Italic elapsed 20.9
... 9 / 236 Go Mono Regular elapsed 23.1
... 10 / 236 Go Regular elapsed 25.8
... 11 / 236 Go Smallcaps Italic elapsed 28.8
... 12 / 236 Go Smallcaps Regular elapsed 31.3
... 13 / 236 Cantarell Bold elapsed 34.0
... 14 / 236 Cantarell Extra Bold,Regular elapsed 36.1
... 15 / 236 Cantarell Light,Regular elapsed 38.0
... 16 / 236 Cantarell Regular elapsed 41.0
... 17 / 236 Cantarell Thin,Regular elapsed 44.3
... 18 / 236 EB Garamond 08 Regular,Normal,obyčejné,Standard,Κανονικά,Regular,Normaali,Normál,Normale,Standaard,Normalny,Обычный,Normálne,Navadno,Arrunta elapsed 47.3
... 19 / 236 EB Garamond 12 Italic,Italic elapsed 49.7
... 20 / 236 EB Garamond 12 Regular,Regular elapsed 52.1
... 21 / 236 EB Garamond SC 08 Regular,Normal,obyčejné,Standard,Κανονικά,Regular,Normaali,Normál,Normale,Standaard,Normalny,Обычный,Normálne,Navadno,Arrunta elapsed 53.6
... 22 / 236 EB Garamond SC 12 Regular,Regular elapsed 56.4
... 23 / 236 FreeMono Bold Oblique,получерен наклонен,Negreta cursiva,tučné kurzíva,fed kursiv,Fett-Kursiv,Έντονα Πλάγια,Negrita Cursiva,Lihavoitu Kursivoi,Gras Italique,Félkövér dőlt,Grassetto Corsivo,Vet Cursief,Halvfet Kursiv,Pogrubiona kursywa,Negrito Itálico,gros oblic,Полужирный Курсив,Tučná kurzíva,Fet Kursiv,Kalın İtalik,huruf tebal miring,жирний похилий,polkrepko ležeče,treknais slīpraksts,pusjuodis pasvirasis,Lodi etzana,धृष्ट-तिरछा elapsed 59.6
... 24 / 236 FreeMono Bold,получерен,negreta,tučné,fed,Fett,Έντονα,Negrita,Lihavoitu,Gras,Félkövér,Grassetto,Vet,Halvfet,Pogrubiony,Negrito,gros,Полужирный,Fet,Kalın,huruf tebal,жирний,polkrepko,treknraksts,pusjuodis,đậm,Lodia,धृष्ट elapsed 62.6
... 25 / 236 FreeMono Oblique,наклонен,cursiva,kurzíva,kursiv,Πλάγια,Kursivoitu,Italique,Dőlt,Corsivo,Cursief,Kursywa,Itálico,oblic,Курсив,İtalik,huruf miring,похилий,ležeče,slīpraksts,pasvirasis,nghiêng,Etzana,तिरछा elapsed 65.2
... 26 / 236 FreeMono Regular,нормален,normal,obyčejné,Standard,µεσαία,Normaali,Normál,Normale,Standaard,Normalny,Обычный,Normálne,menengah,прямій,navadno,vidējs,normalusis,thường,Arrunta,सामान्य elapsed 68.9
... 27 / 236 FreeSans Bold Oblique,получерен наклонен,negreta cursiva,tučné kurzíva,fed kursiv,Fett-Kursiv,Έντονη Πλάγια,Negrita Cursiva,Lihavoitu Kursivoi,Gras Italique,Félkövér dőlt,Grassetto Corsivo,Vet Cursief,Halvfet Kursiv,Pogrubiona kursywa,Negrito Itálico,gros oblic,Обычный Курсив,Tučná kurzíva,Fet Kursiv,Kalın İtalik,huruf tebal miring,жирний похилий,polkrepko ležeče,treknais  slīpraksts,pusjuodis pasvirasis,nghiêng đậm,Lodi etzana,धृष्ट-तिरछा elapsed 71.7
... 28 / 236 FreeSans Bold,получерен,negreta,tučné,fed,Fett,Έντονα,Negrita,Lihavoitu,Gras,Félkövér,Grassetto,Vet,Halvfet,Pogrubiony,Negrito,gros,Полужирный,Fet,Kalın,huruf tebal,жирний,Krepko,treknraksts,pusjuodis,đậm,Lodia,धृष्ट elapsed 74.5
... 29 / 236 FreeSans Oblique,наклонен,negreta cursiva,kurzíva,kursiv,Πλάγια,Cursiva,Kursivoitu,Italique,Dőlt,Corsivo,Cursief,kursywa,Itálico,oblic,Курсив,İtalik,huruf miring,похилий,Ležeče,slīpraksts,pasvirasis,nghiêng,Etzana,तिरछा elapsed 77.5
... 30 / 236 FreeSans Regular,нормален,Normal,obyčejné,Mittel,µεσαία,Normaali,Normál,Medio,Gemiddeld,Odmiana Zwykła,Обычный,Normálne,menengah,прямій,Navadno,vidējs,normalusis,vừa,Arrunta,सामान्य elapsed 79.7
... 31 / 236 FreeSerif Bold Italic,получерен курсивен,negreta cursiva,tučné kurzíva,fed kursiv,Fett-Kursiv,Negrita Cursiva,Lihavoitu Kursivoi,Gras Italique,Félkövér dőlt,Grassetto Corsivo,Vet Cursief,Halvfet Kursiv,Pogrubiona kursywa,Negrito Itálico,gros cursiv,Обычный Курсив,Tučná kurzíva,Fet Kursiv,ตัวเอียงหนา,Kalın İtalik,huruf tebal kursif,жирний курсив,Polkrepko Pežeče,treknais kursīvs,pusjuodis kursyvas,nghiêng đậm,Lodi etzana,धृष्ट-तिरछा elapsed 82.5
... 32 / 236 FreeSerif Bold,получерен,negreta,tučné,fed,Fett,Negrita,Lihavoitu,Gras,Félkövér,Grassetto,Vet,Halvfet,Pogrubiony,Negrito,gros,Обычный,Fet,ตัวหนา,Kalın,huruf tebal,жирний,Polkrepko,treknraksts,pusjuodis,ضخیم,đậm,Lodia,धृष्ट elapsed 85.2
... 33 / 236 FreeSerif Italic,курсивен,cursiva,kurzíva,kursiv,Λειψίας,Kursivoitu,Italique,Dőlt,Corsivo,Cursief,kursywa,Itálico,cursiv,Курсив,ตัวเอียง,İtalik,kursif,Ležeče,kursīvs,kursivas,nghiêng,Etzana,तिरछा elapsed 87.7
... 34 / 236 FreeSerif Regular,нормален,normal,obyčejné,Mittel,µεσαία,Normaali,Normál,Normale,Gemiddeld,odmiana zwykła,Обычный,Normálne,ปกติ,menengah,прямій,Navadno,vidējs,normalusis,عادی,vừa,Arrunta,सामान्य elapsed 90.5
... 35 / 236 IPAPGothic Regular elapsed 93.4
... 36 / 236 IPAGothic Regular elapsed 95.8
... 37 / 236 Linux Biolinum O Bold elapsed 98.8
... 38 / 236 Linux Biolinum O Italic elapsed 101.6
... 39 / 236 Linux Biolinum O Regular elapsed 104.2
... 40 / 236 Linux Libertine Display O Regular elapsed 106.5
... 41 / 236 Linux Libertine O Bold elapsed 108.7
... 42 / 236 Linux Libertine O Italic elapsed 110.9
... 43 / 236 Linux Libertine O Regular elapsed 112.8
... 44 / 236 Linux Libertine O Semibold Italic elapsed 115.2
... 45 / 236 Linux Libertine O Semibold elapsed 117.6
... 46 / 236 STIXGeneral Bold Italic elapsed 120.4
... 47 / 236 STIXGeneral Bold elapsed 122.5
... 48 / 236 STIXGeneral Italic elapsed 124.7
... 49 / 236 STIXGeneral Regular elapsed 126.7
... 50 / 236 STIX Bold Italic elapsed 129.4
... 51 / 236 STIX Bold elapsed 131.9
... 52 / 236 STIX Italic elapsed 134.6
... 53 / 236 STIX Math Regular elapsed 137.7
... 54 / 236 STIX Regular elapsed 140.1
... 55 / 236 C059 Bold Italic elapsed 142.7
... 56 / 236 C059 Bold elapsed 145.4
... 57 / 236 C059 Italic elapsed 147.9
... 58 / 236 C059 Roman elapsed 150.4
... 59 / 236 Nimbus Mono PS Bold Italic elapsed 152.5
... 60 / 236 Nimbus Mono PS Bold elapsed 153.8
... 61 / 236 Nimbus Mono PS Italic elapsed 155.8
... 62 / 236 Nimbus Mono PS Regular elapsed 158.3
... 63 / 236 Nimbus Roman Bold Italic elapsed 160.4
... 64 / 236 Nimbus Roman Bold elapsed 161.9
... 65 / 236 Nimbus Roman Italic elapsed 163.8
... 66 / 236 Nimbus Roman Regular elapsed 165.8
... 67 / 236 Nimbus Sans Bold Italic elapsed 167.6
... 68 / 236 Nimbus Sans Bold elapsed 169.5
... 69 / 236 Nimbus Sans Italic elapsed 171.9
... 70 / 236 Nimbus Sans Narrow Bold Oblique elapsed 174.2
... 71 / 236 Nimbus Sans Narrow Bold elapsed 176.5
... 72 / 236 Nimbus Sans Narrow Oblique elapsed 178.6
... 73 / 236 Nimbus Sans Narrow Regular elapsed 180.8
... 74 / 236 Nimbus Sans Regular elapsed 183.0
... 75 / 236 P052 Bold Italic elapsed 185.9
... 76 / 236 P052 Bold elapsed 188.6
... 77 / 236 P052 Italic elapsed 190.9
... 78 / 236 P052 Roman elapsed 193.4
... 79 / 236 URW Bookman Demi Italic elapsed 196.4
... 80 / 236 URW Bookman Demi elapsed 199.2
... 81 / 236 URW Bookman Light Italic elapsed 201.9
... 82 / 236 URW Bookman Light elapsed 204.6
... 83 / 236 URW Gothic Book Oblique elapsed 206.9
... 84 / 236 URW Gothic Book elapsed 208.9
... 85 / 236 URW Gothic Demi Oblique elapsed 211.1
... 86 / 236 URW Gothic Demi elapsed 213.5
... 87 / 236 Z003 Medium Italic elapsed 215.7
... 88 / 236 Berenis ADF Pro BoldItalic elapsed 218.4
... 89 / 236 Berenis ADF Pro Bold elapsed 220.8
... 90 / 236 Berenis ADF Pro Italic elapsed 223.4
... 91 / 236 Berenis ADF Pro Math Regular elapsed 225.9
... 92 / 236 Berenis ADF Pro Regular elapsed 228.5
... 93 / 236 Charis SIL Bold Italic elapsed 231.0
... 94 / 236 Charis SIL Bold elapsed 233.4
... 95 / 236 Charis SIL Italic elapsed 236.1
... 96 / 236 Charis SIL Regular elapsed 237.9
... 97 / 236 Comfortaa Bold elapsed 240.4
... 98 / 236 Comfortaa Light,Regular elapsed 243.0
... 99 / 236 Comfortaa Regular elapsed 245.0
... 100 / 236 Arimo Bold Italic elapsed 247.0
... 101 / 236 Arimo Bold elapsed 249.0
... 102 / 236 Arimo Italic elapsed 251.4
... 103 / 236 Arimo Regular elapsed 253.8
... 104 / 236 Cousine Bold Italic elapsed 256.1
... 105 / 236 Cousine Bold elapsed 258.5
... 106 / 236 Cousine Italic elapsed 260.7
... 107 / 236 Cousine Regular elapsed 263.2
... 108 / 236 Tinos Bold Italic elapsed 265.7
... 109 / 236 Tinos Bold elapsed 267.9
... 110 / 236 Tinos Italic elapsed 269.7
... 111 / 236 Tinos Regular elapsed 271.7
... 112 / 236 Carlito Bold Italic elapsed 274.1
... 113 / 236 Carlito Bold elapsed 276.8
... 114 / 236 Carlito Italic elapsed 279.2
... 115 / 236 Carlito Regular elapsed 281.4
... 116 / 236 DejaVu Sans Bold Oblique elapsed 283.6
... 117 / 236 DejaVu Sans Bold elapsed 285.7
... 118 / 236 DejaVu Sans Condensed Bold Oblique,Bold Oblique elapsed 287.5
... 119 / 236 DejaVu Sans Condensed Bold,Bold elapsed 289.8
... 120 / 236 DejaVu Sans Condensed Oblique,Oblique elapsed 292.3
... 121 / 236 DejaVu Sans Condensed,Book elapsed 294.7
... 122 / 236 DejaVu Sans ExtraLight elapsed 296.8
... 123 / 236 DejaVu Sans Mono Bold Oblique elapsed 299.0
... 124 / 236 DejaVu Sans Mono Bold elapsed 301.4
... 125 / 236 DejaVu Sans Mono Oblique elapsed 302.7
... 126 / 236 DejaVu Sans Mono Book elapsed 304.4
... 127 / 236 DejaVu Sans Oblique elapsed 306.2
... 128 / 236 DejaVu Sans Book elapsed 308.0
... 129 / 236 DejaVu Serif Bold Italic elapsed 310.2
... 130 / 236 DejaVu Serif Bold elapsed 312.4
... 131 / 236 DejaVu Serif Condensed Bold Italic,Bold Italic elapsed 315.1
... 132 / 236 DejaVu Serif Condensed Bold,Bold elapsed 317.1
... 133 / 236 DejaVu Serif Condensed Italic,Italic elapsed 319.0
... 134 / 236 DejaVu Serif Condensed,Book elapsed 321.2
... 135 / 236 DejaVu Serif Italic elapsed 323.4
... 136 / 236 DejaVu Serif Book elapsed 326.0
... 137 / 236 Gentium Plus Compact Italic elapsed 328.4
... 138 / 236 Gentium Plus Compact Regular elapsed 330.9
... 139 / 236 Gentium Book Plus Bold Italic elapsed 333.5
... 140 / 236 Gentium Book Plus Bold elapsed 335.9
... 141 / 236 Gentium Book Plus Italic elapsed 338.4
... 142 / 236 Gentium Book Plus Regular elapsed 341.2
... 143 / 236 Gentium Plus Bold Italic elapsed 344.1
... 144 / 236 Gentium Plus Bold elapsed 346.5
... 145 / 236 Gentium Plus Italic elapsed 349.1
... 146 / 236 Gentium Plus Regular elapsed 351.3
... 147 / 236 Lato Black Italic,Italic elapsed 353.4
... 148 / 236 Lato Black,Regular elapsed 355.6
... 149 / 236 Lato Bold Italic elapsed 358.0
... 150 / 236 Lato Bold elapsed 360.3
... 151 / 236 Lato Hairline Italic,Italic elapsed 362.0
... 152 / 236 Lato Hairline,Regular elapsed 364.0
... 153 / 236 Lato Heavy Italic,Italic elapsed 366.1
... 154 / 236 Lato Heavy,Regular elapsed 368.1
... 155 / 236 Lato Italic elapsed 370.2
... 156 / 236 Lato Light Italic,Italic elapsed 372.2
... 157 / 236 Lato Light,Regular elapsed 374.1
... 158 / 236 Lato Medium Italic,Italic elapsed 376.2
... 159 / 236 Lato Medium,Regular elapsed 378.2
... 160 / 236 Lato Regular elapsed 380.4
... 161 / 236 Lato Semibold Italic,Italic elapsed 382.8
... 162 / 236 Lato Semibold,Regular elapsed 385.0
... 163 / 236 Lato Thin Italic,Italic elapsed 387.4
... 164 / 236 Lato Thin,Regular elapsed 390.1
... 165 / 236 Liberation Mono Bold Italic elapsed 392.4
... 166 / 236 Liberation Mono Bold elapsed 394.7
... 167 / 236 Liberation Mono Italic elapsed 397.3
... 168 / 236 Liberation Mono Regular elapsed 399.4
... 169 / 236 Liberation Sans Bold Italic elapsed 401.9
... 170 / 236 Liberation Sans Bold elapsed 403.8
... 171 / 236 Liberation Sans Italic elapsed 406.0
... 172 / 236 Liberation Sans Narrow Bold Italic elapsed 408.2
... 173 / 236 Liberation Sans Narrow Bold elapsed 410.1
... 174 / 236 Liberation Sans Narrow Italic elapsed 412.2
... 175 / 236 Liberation Sans Narrow Regular elapsed 414.2
... 176 / 236 Liberation Sans Regular elapsed 416.4
... 177 / 236 Liberation Serif Bold Italic elapsed 418.0
... 178 / 236 Liberation Serif Bold elapsed 420.1
... 179 / 236 Liberation Serif Italic elapsed 421.9
... 180 / 236 Liberation Serif Regular elapsed 423.8
... 181 / 236 Noto Mono Regular elapsed 425.8
... 182 / 236 Noto Sans Bold Italic elapsed 427.8
... 183 / 236 Noto Sans Bold elapsed 429.8
... 184 / 236 Noto Sans Display Bold Italic elapsed 432.0
... 185 / 236 Noto Sans Display Bold elapsed 433.8
... 186 / 236 Noto Sans Display Italic elapsed 435.3
... 187 / 236 Noto Sans Display Regular elapsed 437.3
... 188 / 236 Noto Sans Italic elapsed 438.4
... 189 / 236 Noto Sans Mono Bold elapsed 440.4
... 190 / 236 Noto Sans Mono Regular elapsed 442.5
... 191 / 236 Noto Sans Regular elapsed 444.4
... 192 / 236 Noto Serif Bold Italic elapsed 446.4
... 193 / 236 Noto Serif Bold elapsed 448.4
... 194 / 236 Noto Serif Display Bold Italic elapsed 450.5
... 195 / 236 Noto Serif Display Bold elapsed 452.6
... 196 / 236 Noto Serif Display Italic elapsed 454.9
... 197 / 236 Noto Serif Display Regular elapsed 456.9
... 198 / 236 Noto Serif Italic elapsed 459.0
... 199 / 236 Noto Serif Regular elapsed 461.1
... 200 / 236 Open Sans Bold Italic elapsed 463.3
... 201 / 236 Open Sans Bold elapsed 465.5
... 202 / 236 Open Sans Condensed Bold elapsed 467.5
... 203 / 236 Open Sans Condensed Light Italic,Italic elapsed 469.8
... 204 / 236 Open Sans Condensed Light,Regular elapsed 471.5
... 205 / 236 Open Sans Extrabold Italic,Italic elapsed 473.6
... 206 / 236 Open Sans Extrabold,Regular elapsed 476.0
... 207 / 236 Open Sans Italic elapsed 478.1
... 208 / 236 Open Sans Light Italic,Italic elapsed 480.1
... 209 / 236 Open Sans Light,Regular elapsed 482.2
... 210 / 236 Open Sans Regular elapsed 484.3
... 211 / 236 Open Sans Semibold Italic,Italic elapsed 486.3
... 212 / 236 Open Sans Semibold,Regular elapsed 488.4
... 213 / 236 Roboto Condensed Bold Italic elapsed 490.3
... 214 / 236 Roboto Condensed Bold elapsed 492.7
... 215 / 236 Roboto Condensed Italic elapsed 494.9
... 216 / 236 Roboto Condensed Light Italic,Italic elapsed 497.2
... 217 / 236 Roboto Condensed Light,Regular elapsed 499.5
... 218 / 236 Roboto Condensed Medium Italic,Italic elapsed 501.8
... 219 / 236 Roboto Condensed Medium,Regular elapsed 503.5
... 220 / 236 Roboto Condensed Regular elapsed 505.5
... 221 / 236 Roboto Black Italic,Italic elapsed 507.7
... 222 / 236 Roboto Black,Regular elapsed 510.1
... 223 / 236 Roboto Bold Italic elapsed 512.0
... 224 / 236 Roboto Bold elapsed 513.7
... 225 / 236 Roboto Italic elapsed 515.9
... 226 / 236 Roboto Light Italic,Italic elapsed 518.2
... 227 / 236 Roboto Light,Regular elapsed 519.7
... 228 / 236 Roboto Medium Italic,Italic elapsed 521.7
... 229 / 236 Roboto Medium,Regular elapsed 523.9
... 230 / 236 Roboto Regular elapsed 526.1
... 231 / 236 Roboto Thin Italic,Italic elapsed 528.2
... 232 / 236 Roboto Thin,Regular elapsed 530.5
... 233 / 236 Unifont Regular elapsed 532.6
... 234 / 236 WenQuanYi Zen Hei Mono Regular elapsed 534.7
... 235 / 236 WenQuanYi Zen Hei Sharp Regular elapsed 536.6
... 236 / 236 WenQuanYi Zen Hei Regular elapsed 538.5
STAGE1 done: 236 fonts fit, 538s
DejaVu Sans Condensed,Book               r=0.5481 cap= 84 size=110 kx=0.95 sig=2.55 dy=0 dx=-24
FreeSans Bold,получерен,negreta,tučné,fed,Fett,Έντονα,Negrita,Lihavoitu,Gras,Félkövér,Grassetto,Vet,Halvfet,Pogrubiony,Negrito,gros,Полужирный,Fet,Kalın,huruf tebal,жирний,Krepko,treknraksts,pusjuodis,đậm,Lodia,धृष्ट r=0.5297 cap= 84 size=111 kx=0.95 sig=2.55 dy=4 dx=-25
DejaVu Sans Book                         r=0.5245 cap= 84 size=110 kx=0.85 sig=2.55 dy=0 dx=-23
Nimbus Sans Bold                         r=0.5205 cap= 84 size=111 kx=0.95 sig=2.55 dy=4 dx=-25
Liberation Sans Bold Italic              r=0.5152 cap= 72 size=102 kx=1.05 sig=2.55 dy=3 dx=-25
WenQuanYi Zen Hei Mono Regular           r=0.5144 cap= 84 size=119 kx=0.85 sig=2.55 dy=4 dx=-21
WenQuanYi Zen Hei Sharp Regular          r=0.5144 cap= 84 size=119 kx=0.85 sig=2.55 dy=4 dx=-21
WenQuanYi Zen Hei Regular                r=0.5144 cap= 84 size=119 kx=0.85 sig=2.55 dy=4 dx=-21
Arimo Bold Italic                        r=0.5130 cap= 72 size=102 kx=1.05 sig=2.55 dy=3 dx=-25
DejaVu Sans Condensed Oblique,Oblique    r=0.4909 cap= 84 size=110 kx=0.95 sig=2.55 dy=0 dx=-24
Go Bold                                  r=0.4866 cap= 72 size= 94 kx=1.15 sig=2.55 dy=0 dx=-25
DejaVu Sans Condensed Bold,Bold          r=0.4863 cap= 84 size=110 kx=0.85 sig=2.55 dy=0 dx=-25
DejaVu Sans Oblique                      r=0.4742 cap= 84 size=110 kx=0.85 sig=2.55 dy=0 dx=-23
DejaVu Sans Condensed Bold Oblique,Bold Oblique r=0.4454 cap= 84 size=110 kx=0.85 sig=2.55 dy=0 dx=-25
Arimo Bold                               r=0.4442 cap= 72 size=102 kx=1.05 sig=2.55 dy=4 dx=-25
Liberation Sans Bold                     r=0.4433 cap= 72 size=102 kx=1.05 sig=2.55 dy=4 dx=-25
Liberation Sans Narrow Bold Italic       r=0.4386 cap= 72 size=102 kx=1.25 sig=2.55 dy=4 dx=-25
FreeSans Bold Oblique,получерен наклонен,negreta cursiva,tučné kurzíva,fed kursiv,Fett-Kursiv,Έντονη Πλάγια,Negrita Cursiva,Lihavoitu Kursivoi,Gras Italique,Félkövér dőlt,Grassetto Corsivo,Vet Cursief,Halvfet Kursiv,Pogrubiona kursywa,Negrito Itálico,gros oblic,Обычный Курсив,Tučná kurzíva,Fet Kursiv,Kalın İtalik,huruf tebal miring,жирний похилий,polkrepko ležeče,treknais  slīpraksts,pusjuodis pasvirasis,nghiêng đậm,Lodi etzana,धृष्ट-तिरछा r=0.4288 cap= 84 size=111 kx=0.95 sig=2.55 dy=3 dx=-25
Nimbus Sans Narrow Bold                  r=0.4166 cap= 84 size=114 kx=1.15 sig=2.55 dy=4 dx=-25
URW Bookman Demi                         r=0.4040 cap= 72 size=103 kx=0.85 sig=2.55 dy=0 dx=-25
Liberation Sans Narrow Bold              r=0.4010 cap= 72 size=102 kx=1.25 sig=2.55 dy=4 dx=-25
Liberation Sans Narrow Italic            r=0.3968 cap= 72 size=102 kx=1.25 sig=2.55 dy=4 dx=-25
Nimbus Sans Bold Italic                  r=0.3926 cap= 84 size=111 kx=0.95 sig=2.55 dy=3 dx=-25
DejaVu Sans ExtraLight                   r=0.3889 cap= 72 size= 94 kx=1.05 sig=2.55 dy=0 dx=-25
Liberation Sans Italic                   r=0.3714 cap= 72 size=102 kx=1.05 sig=2.55 dy=4 dx=-25
Arimo Italic                             r=0.3705 cap= 72 size=102 kx=1.05 sig=2.55 dy=4 dx=-25
Lato Semibold,Regular                    r=0.3672 cap= 72 size= 99 kx=1.05 sig=2.55 dy=0 dx=-25
Lato Regular                             r=0.3610 cap= 72 size= 99 kx=1.05 sig=2.55 dy=0 dx=-25
Nimbus Sans Narrow Regular               r=0.3607 cap= 72 size= 97 kx=1.35 sig=2.55 dy=3 dx=-25
Open Sans Regular                        r=0.3603 cap= 72 size= 98 kx=1.05 sig=2.55 dy=2 dx=-25
