[2026-07-30T03:30:01.473835+00:00] 3 change line(s):
      ! qtecqot: FETCH FAILED (HTTPError: HTTP Error 404: Not Found) — this is an instrument failure, not an absence of change
      ! ivan0135: FETCH FAILED (HTTPError: HTTP Error 404: Not Found) — this is an instrument failure, not an absence of change
      ! m21-b5q: FETCH FAILED (HTTPError: HTTP Error 404: Not Found) — this is an instrument failure, not an absence of change
[2026-07-30T04:00:01.287668+00:00] 3 change line(s):
      ! qtecqot: FETCH FAILED (HTTPError: HTTP Error 404: Not Found) — this is an instrument failure, not an absence of change
      ! ivan0135: FETCH FAILED (HTTPError: HTTP Error 404: Not Found) — this is an instrument failure, not an absence of change
      ! m21-b5q: FETCH FAILED (HTTPError: HTTP Error 404: Not Found) — this is an instrument failure, not an absence of change
[2026-07-30T04:30:02.046992+00:00] 3 change line(s):
      ! qtecqot: FETCH FAILED (HTTPError: HTTP Error 404: Not Found) — this is an instrument failure, not an absence of change
      ! ivan0135: FETCH FAILED (HTTPError: HTTP Error 404: Not Found) — this is an instrument failure, not an absence of change
      ! m21-b5q: FETCH FAILED (HTTPError: HTTP Error 404: Not Found) — this is an instrument failure, not an absence of change
[2026-07-30T05:00:01.439417+00:00] 3 change line(s):
      ! qtecqot: FETCH FAILED (HTTPError: HTTP Error 404: Not Found) — this is an instrument failure, not an absence of change
      ! ivan0135: FETCH FAILED (HTTPError: HTTP Error 404: Not Found) — this is an instrument failure, not an absence of change
      ! m21-b5q: FETCH FAILED (HTTPError: HTTP Error 404: Not Found) — this is an instrument failure, not an absence of change
[2026-07-30T05:30:02.038101+00:00] 3 change line(s):
      ! qtecqot: FETCH FAILED (HTTPError: HTTP Error 404: Not Found) — this is an instrument failure, not an absence of change
      ! ivan0135: FETCH FAILED (HTTPError: HTTP Error 404: Not Found) — this is an instrument failure, not an absence of change
      ! m21-b5q: FETCH FAILED (HTTPError: HTTP Error 404: Not Found) — this is an instrument failure, not an absence of change
[2026-07-30T06:00:01.424021+00:00] 3 change line(s):
      ! qtecqot: FETCH FAILED (HTTPError: HTTP Error 404: Not Found) — this is an instrument failure, not an absence of change
      ! ivan0135: FETCH FAILED (HTTPError: HTTP Error 404: Not Found) — this is an instrument failure, not an absence of change
      ! m21-b5q: FETCH FAILED (HTTPError: HTTP Error 404: Not Found) — this is an instrument failure, not an absence of change
[2026-07-30T06:30:01.213616+00:00] 3 change line(s):
      ! qtecqot: FETCH FAILED (HTTPError: HTTP Error 404: Not Found) — this is an instrument failure, not an absence of change
      ! ivan0135: FETCH FAILED (HTTPError: HTTP Error 404: Not Found) — this is an instrument failure, not an absence of change
      ! m21-b5q: FETCH FAILED (HTTPError: HTTP Error 404: Not Found) — this is an instrument failure, not an absence of change
[2026-07-30T07:00:01.558079+00:00] 3 change line(s):
  BASELINE established for qtecqot: 3 videos, channel created 2026-04-22T05:27:55+00:00
      ! ivan0135: FETCH FAILED (HTTPError: HTTP Error 500: Internal Server Error) — this is an instrument failure, not an absence of change
  BASELINE established for m21-b5q: 0 videos, channel created 2015-10-02T19:36:00+00:00
[2026-07-30T07:30:01.266369+00:00] 7 change line(s):
      qtecqot/Oqw96jCOP7A: views 10544 -> 10677 (+133)
      qtecqot/Oqw96jCOP7A: likes 448 -> 451 (+3)
      qtecqot/OpSTlDJWFFI: views 9883 -> 10045 (+162)
      qtecqot/OpSTlDJWFFI: likes 474 -> 477 (+3)
      qtecqot/l9RAhmPHM_A: views 19512 -> 19747 (+235)
      qtecqot/l9RAhmPHM_A: likes 745 -> 751 (+6)
  BASELINE established for ivan0135: 4 videos, channel created 2011-04-14T01:08:36+00:00
[2026-07-31T03:30:01.949799+00:00] 3 change line(s):
      ! qtecqot: FETCH FAILED (HTTPError: HTTP Error 404: Not Found) — this is an instrument failure, not an absence of change
      ! ivan0135: FETCH FAILED (HTTPError: HTTP Error 404: Not Found) — this is an instrument failure, not an absence of change
      ! m21-b5q: FETCH FAILED (HTTPError: HTTP Error 404: Not Found) — this is an instrument failure, not an absence of change
[2026-07-31T04:00:01.780516+00:00] 3 change line(s):
      ! qtecqot: FETCH FAILED (HTTPError: HTTP Error 404: Not Found) — this is an instrument failure, not an absence of change
      ! ivan0135: FETCH FAILED (HTTPError: HTTP Error 404: Not Found) — this is an instrument failure, not an absence of change
      ! m21-b5q: FETCH FAILED (HTTPError: HTTP Error 404: Not Found) — this is an instrument failure, not an absence of change
[2026-07-31T04:30:01.449760+00:00] 3 change line(s):
      ! qtecqot: FETCH FAILED (HTTPError: HTTP Error 404: Not Found) — this is an instrument failure, not an absence of change
      ! ivan0135: FETCH FAILED (HTTPError: HTTP Error 404: Not Found) — this is an instrument failure, not an absence of change
      ! m21-b5q: FETCH FAILED (HTTPError: HTTP Error 404: Not Found) — this is an instrument failure, not an absence of change
[2026-07-31T05:00:01.882485+00:00] 3 change line(s):
      ! qtecqot: FETCH FAILED (HTTPError: HTTP Error 404: Not Found) — this is an instrument failure, not an absence of change
      ! ivan0135: FETCH FAILED (HTTPError: HTTP Error 404: Not Found) — this is an instrument failure, not an absence of change
      ! m21-b5q: FETCH FAILED (HTTPError: HTTP Error 404: Not Found) — this is an instrument failure, not an absence of change
[2026-07-31T05:30:01.701767+00:00] 3 change line(s):
      ! qtecqot: FETCH FAILED (HTTPError: HTTP Error 404: Not Found) — this is an instrument failure, not an absence of change
      ! ivan0135: FETCH FAILED (HTTPError: HTTP Error 404: Not Found) — this is an instrument failure, not an absence of change
      ! m21-b5q: FETCH FAILED (HTTPError: HTTP Error 404: Not Found) — this is an instrument failure, not an absence of change
[2026-07-31T06:00:01.104808+00:00] 3 change line(s):
      ! qtecqot: FETCH FAILED (HTTPError: HTTP Error 404: Not Found) — this is an instrument failure, not an absence of change
      ! ivan0135: FETCH FAILED (HTTPError: HTTP Error 404: Not Found) — this is an instrument failure, not an absence of change
      ! m21-b5q: FETCH FAILED (HTTPError: HTTP Error 404: Not Found) — this is an instrument failure, not an absence of change
[2026-07-31T06:30:01.522624+00:00] 3 change line(s):
      ! qtecqot: FETCH FAILED (HTTPError: HTTP Error 404: Not Found) — this is an instrument failure, not an absence of change
      ! ivan0135: FETCH FAILED (HTTPError: HTTP Error 404: Not Found) — this is an instrument failure, not an absence of change
      ! m21-b5q: FETCH FAILED (HTTPError: HTTP Error 404: Not Found) — this is an instrument failure, not an absence of change
[2026-07-31T07:00:01.931176+00:00] 3 change line(s):
  BASELINE established for qtecqot: 3 videos, channel created 2026-04-22T05:27:55+00:00
  BASELINE established for ivan0135: 4 videos, channel created 2011-04-14T01:08:36+00:00
  BASELINE established for m21-b5q: 0 videos, channel created 2015-10-02T19:36:00+00:00
[2026-08-01T05:30:01.745448+00:00] 3 change line(s):
      ! qtecqot: FETCH FAILED (HTTPError: HTTP Error 404: Not Found) — this is an instrument failure, not an absence of change
      ! ivan0135: FETCH FAILED (HTTPError: HTTP Error 404: Not Found) — this is an instrument failure, not an absence of change
      ! m21-b5q: FETCH FAILED (HTTPError: HTTP Error 404: Not Found) — this is an instrument failure, not an absence of change
[2026-08-01T06:00:01.098494+00:00] 3 change line(s):
      ! qtecqot: FETCH FAILED (HTTPError: HTTP Error 500: Internal Server Error) — this is an instrument failure, not an absence of change
      ! ivan0135: FETCH FAILED (HTTPError: HTTP Error 404: Not Found) — this is an instrument failure, not an absence of change
      ! m21-b5q: FETCH FAILED (HTTPError: HTTP Error 404: Not Found) — this is an instrument failure, not an absence of change
[2026-08-01T06:30:01.471819+00:00] 3 change line(s):
      ! qtecqot: FETCH FAILED (HTTPError: HTTP Error 500: Internal Server Error) — this is an instrument failure, not an absence of change
      ! ivan0135: FETCH FAILED (HTTPError: HTTP Error 404: Not Found) — this is an instrument failure, not an absence of change
      ! m21-b5q: FETCH FAILED (HTTPError: HTTP Error 404: Not Found) — this is an instrument failure, not an absence of change
[2026-08-01T07:00:01.832195+00:00] 3 change line(s):
      ! qtecqot: FETCH FAILED (HTTPError: HTTP Error 500: Internal Server Error) — this is an instrument failure, not an absence of change
      ! ivan0135: FETCH FAILED (HTTPError: HTTP Error 500: Internal Server Error) — this is an instrument failure, not an absence of change
  BASELINE established for m21-b5q: 0 videos, channel created 2015-10-02T19:36:00+00:00
[2026-08-01T07:30:01.301522+00:00] 2 change line(s):
  BASELINE established for qtecqot: 3 videos, channel created 2026-04-22T05:27:55+00:00
  BASELINE established for ivan0135: 4 videos, channel created 2011-04-14T01:08:36+00:00
